0 verbose cli C:\Program Files\nodejs\node.exe C:\Program Files\nodejs\node_modules\npm\bin\npm-cli.js
1 info using npm@10.9.2
2 info using node@v22.14.0
3 silly config load:file:C:\Program Files\nodejs\node_modules\npm\npmrc
4 silly config load:file:D:\StudyMate Cursor Frontend\frontend\.npmrc
5 silly config load:file:C:\Users\Shardul\.npmrc
6 silly config load:file:C:\Users\Shardul\AppData\Roaming\npm\etc\npmrc
7 verbose title npm install postprocessing
8 verbose argv "install" "postprocessing" "--cache" ".npm-cache"
9 verbose logfile logs-max:10 dir:D:\StudyMate Cursor Frontend\frontend\.npm-cache\_logs\2026-05-03T13_24_43_289Z-
10 verbose logfile D:\StudyMate Cursor Frontend\frontend\.npm-cache\_logs\2026-05-03T13_24_43_289Z-debug-0.log
11 silly logfile done cleaning log files
12 silly packumentCache heap:2197815296 maxSize:549453824 maxEntrySize:274726912
13 silly idealTree buildDeps
14 silly fetch manifest postprocessing@*
15 silly packumentCache full:https://registry.npmjs.org/postprocessing cache-miss
16 http fetch GET 200 https://registry.npmjs.org/npm 1659ms
17 http fetch GET 200 https://registry.npmjs.org/postprocessing 938ms (cache miss)
18 silly packumentCache full:https://registry.npmjs.org/postprocessing set size:undefined disposed:false
19 silly fetch manifest three@^0.184.0
20 silly packumentCache full:https://registry.npmjs.org/three cache-miss
21 http fetch GET 200 https://registry.npmjs.org/three 271ms (cache miss)
22 silly packumentCache full:https://registry.npmjs.org/three set size:undefined disposed:false
23 silly placeDep ROOT postprocessing@6.39.1 OK for: studymate-frontend@0.0.0 want: *
24 silly reify moves {}
25 silly audit bulk request {
25 silly audit   '@alloc/quick-lru': [ '5.2.0' ],
25 silly audit   '@babel/code-frame': [ '7.29.0' ],
25 silly audit   '@babel/compat-data': [ '7.29.0' ],
25 silly audit   '@babel/core': [ '7.29.0' ],
25 silly audit   '@babel/generator': [ '7.29.1' ],
25 silly audit   '@babel/helper-compilation-targets': [ '7.28.6' ],
25 silly audit   '@babel/helper-globals': [ '7.28.0' ],
25 silly audit   '@babel/helper-module-imports': [ '7.28.6' ],
25 silly audit   '@babel/helper-module-transforms': [ '7.28.6' ],
25 silly audit   '@babel/helper-plugin-utils': [ '7.28.6' ],
25 silly audit   '@babel/helper-string-parser': [ '7.27.1' ],
25 silly audit   '@babel/helper-validator-identifier': [ '7.28.5' ],
25 silly audit   '@babel/helper-validator-option': [ '7.27.1' ],
25 silly audit   '@babel/helpers': [ '7.28.6' ],
25 silly audit   '@babel/parser': [ '7.29.0' ],
25 silly audit   '@babel/plugin-transform-react-jsx-self': [ '7.27.1' ],
25 silly audit   '@babel/plugin-transform-react-jsx-source': [ '7.27.1' ],
25 silly audit   '@babel/template': [ '7.28.6' ],
25 silly audit   '@babel/traverse': [ '7.29.0' ],
25 silly audit   '@babel/types': [ '7.29.0' ],
25 silly audit   '@esbuild/aix-ppc64': [ '0.25.12' ],
25 silly audit   '@esbuild/android-arm': [ '0.25.12' ],
25 silly audit   '@esbuild/android-arm64': [ '0.25.12' ],
25 silly audit   '@esbuild/android-x64': [ '0.25.12' ],
25 silly audit   '@esbuild/darwin-arm64': [ '0.25.12' ],
25 silly audit   '@esbuild/darwin-x64': [ '0.25.12' ],
25 silly audit   '@esbuild/freebsd-arm64': [ '0.25.12' ],
25 silly audit   '@esbuild/freebsd-x64': [ '0.25.12' ],
25 silly audit   '@esbuild/linux-arm': [ '0.25.12' ],
25 silly audit   '@esbuild/linux-arm64': [ '0.25.12' ],
25 silly audit   '@esbuild/linux-ia32': [ '0.25.12' ],
25 silly audit   '@esbuild/linux-loong64': [ '0.25.12' ],
25 silly audit   '@esbuild/linux-mips64el': [ '0.25.12' ],
25 silly audit   '@esbuild/linux-ppc64': [ '0.25.12' ],
25 silly audit   '@esbuild/linux-riscv64': [ '0.25.12' ],
25 silly audit   '@esbuild/linux-s390x': [ '0.25.12' ],
25 silly audit   '@esbuild/linux-x64': [ '0.25.12' ],
25 silly audit   '@esbuild/netbsd-arm64': [ '0.25.12' ],
25 silly audit   '@esbuild/netbsd-x64': [ '0.25.12' ],
25 silly audit   '@esbuild/openbsd-arm64': [ '0.25.12' ],
25 silly audit   '@esbuild/openbsd-x64': [ '0.25.12' ],
25 silly audit   '@esbuild/openharmony-arm64': [ '0.25.12' ],
25 silly audit   '@esbuild/sunos-x64': [ '0.25.12' ],
25 silly audit   '@esbuild/win32-arm64': [ '0.25.12' ],
25 silly audit   '@esbuild/win32-ia32': [ '0.25.12' ],
25 silly audit   '@esbuild/win32-x64': [ '0.25.12' ],
25 silly audit   '@firebase/ai': [ '1.4.1' ],
25 silly audit   '@firebase/analytics': [ '0.10.17' ],
25 silly audit   '@firebase/analytics-compat': [ '0.2.23' ],
25 silly audit   '@firebase/analytics-types': [ '0.8.3' ],
25 silly audit   '@firebase/app': [ '0.13.2' ],
25 silly audit   '@firebase/app-check': [ '0.10.1' ],
25 silly audit   '@firebase/app-check-compat': [ '0.3.26' ],
25 silly audit   '@firebase/app-check-interop-types': [ '0.3.3' ],
25 silly audit   '@firebase/app-check-types': [ '0.5.3' ],
25 silly audit   '@firebase/app-compat': [ '0.4.2' ],
25 silly audit   '@firebase/app-types': [ '0.9.3' ],
25 silly audit   '@firebase/auth-compat': [ '0.5.28' ],
25 silly audit   '@firebase/auth': [ '1.10.8' ],
25 silly audit   '@firebase/auth-interop-types': [ '0.2.4' ],
25 silly audit   '@firebase/auth-types': [ '0.13.0' ],
25 silly audit   '@firebase/component': [ '0.6.18' ],
25 silly audit   '@firebase/data-connect': [ '0.3.10' ],
25 silly audit   '@firebase/database': [ '1.0.20' ],
25 silly audit   '@firebase/database-compat': [ '2.0.11' ],
25 silly audit   '@firebase/database-types': [ '1.0.15' ],
25 silly audit   '@firebase/firestore': [ '4.8.0' ],
25 silly audit   '@firebase/firestore-compat': [ '0.3.53' ],
25 silly audit   '@firebase/firestore-types': [ '3.0.3' ],
25 silly audit   '@firebase/functions': [ '0.12.9' ],
25 silly audit   '@firebase/functions-compat': [ '0.3.26' ],
25 silly audit   '@firebase/functions-types': [ '0.6.3' ],
25 silly audit   '@firebase/installations': [ '0.6.18' ],
25 silly audit   '@firebase/installations-compat': [ '0.2.18' ],
25 silly audit   '@firebase/installations-types': [ '0.5.3' ],
25 silly audit   '@firebase/logger': [ '0.4.4' ],
25 silly audit   '@firebase/messaging': [ '0.12.22' ],
25 silly audit   '@firebase/messaging-compat': [ '0.2.22' ],
25 silly audit   '@firebase/messaging-interop-types': [ '0.2.3' ],
25 silly audit   '@firebase/performance': [ '0.7.7' ],
25 silly audit   '@firebase/performance-compat': [ '0.2.20' ],
25 silly audit   '@firebase/performance-types': [ '0.2.3' ],
25 silly audit   '@firebase/remote-config': [ '0.6.5' ],
25 silly audit   '@firebase/remote-config-compat': [ '0.2.18' ],
25 silly audit   '@firebase/remote-config-types': [ '0.4.0' ],
25 silly audit   '@firebase/storage': [ '0.13.14' ],
25 silly audit   '@firebase/storage-compat': [ '0.3.24' ],
25 silly audit   '@firebase/storage-types': [ '0.8.3' ],
25 silly audit   '@firebase/util': [ '1.12.1' ],
25 silly audit   '@firebase/webchannel-wrapper': [ '1.0.3' ],
25 silly audit   '@grpc/grpc-js': [ '1.9.15' ],
25 silly audit   '@grpc/proto-loader': [ '0.7.15' ],
25 silly audit   '@gsap/react': [ '2.1.2' ],
25 silly audit   '@jridgewell/gen-mapping': [ '0.3.13' ],
25 silly audit   '@jridgewell/remapping': [ '2.3.5' ],
25 silly audit   '@jridgewell/resolve-uri': [ '3.1.2' ],
25 silly audit   '@jridgewell/sourcemap-codec': [ '1.5.5' ],
25 silly audit   '@jridgewell/trace-mapping': [ '0.3.31' ],
25 silly audit   '@nodelib/fs.scandir': [ '2.1.5' ],
25 silly audit   '@nodelib/fs.stat': [ '2.0.5' ],
25 silly audit   '@nodelib/fs.walk': [ '1.2.8' ],
25 silly audit   '@protobufjs/aspromise': [ '1.1.2' ],
25 silly audit   '@protobufjs/base64': [ '1.1.2' ],
25 silly audit   '@protobufjs/codegen': [ '2.0.4' ],
25 silly audit   '@protobufjs/eventemitter': [ '1.1.0' ],
25 silly audit   '@protobufjs/fetch': [ '1.1.0' ],
25 silly audit   '@protobufjs/float': [ '1.0.2' ],
25 silly audit   '@protobufjs/inquire': [ '1.1.0' ],
25 silly audit   '@protobufjs/path': [ '1.1.2' ],
25 silly audit   '@protobufjs/pool': [ '1.1.0' ],
25 silly audit   '@protobufjs/utf8': [ '1.1.0' ],
25 silly audit   '@rolldown/pluginutils': [ '1.0.0-beta.27' ],
25 silly audit   '@rollup/rollup-android-arm-eabi': [ '4.57.1' ],
25 silly audit   '@rollup/rollup-android-arm64': [ '4.57.1' ],
25 silly audit   '@rollup/rollup-darwin-arm64': [ '4.57.1' ],
25 silly audit   '@rollup/rollup-darwin-x64': [ '4.57.1' ],
25 silly audit   '@rollup/rollup-freebsd-arm64': [ '4.57.1' ],
25 silly audit   '@rollup/rollup-freebsd-x64': [ '4.57.1' ],
25 silly audit   '@rollup/rollup-linux-arm-gnueabihf': [ '4.57.1' ],
25 silly audit   '@rollup/rollup-linux-arm-musleabihf': [ '4.57.1' ],
25 silly audit   '@rollup/rollup-linux-arm64-gnu': [ '4.57.1' ],
25 silly audit   '@rollup/rollup-linux-arm64-musl': [ '4.57.1' ],
25 silly audit   '@rollup/rollup-linux-loong64-gnu': [ '4.57.1' ],
25 silly audit   '@rollup/rollup-linux-loong64-musl': [ '4.57.1' ],
25 silly audit   '@rollup/rollup-linux-ppc64-gnu': [ '4.57.1' ],
25 silly audit   '@rollup/rollup-linux-ppc64-musl': [ '4.57.1' ],
25 silly audit   '@rollup/rollup-linux-riscv64-gnu': [ '4.57.1' ],
25 silly audit   '@rollup/rollup-linux-riscv64-musl': [ '4.57.1' ],
25 silly audit   '@rollup/rollup-linux-s390x-gnu': [ '4.57.1' ],
25 silly audit   '@rollup/rollup-linux-x64-gnu': [ '4.57.1' ],
25 silly audit   '@rollup/rollup-linux-x64-musl': [ '4.57.1' ],
25 silly audit   '@rollup/rollup-openbsd-x64': [ '4.57.1' ],
25 silly audit   '@rollup/rollup-openharmony-arm64': [ '4.57.1' ],
25 silly audit   '@rollup/rollup-win32-arm64-msvc': [ '4.57.1' ],
25 silly audit   '@rollup/rollup-win32-ia32-msvc': [ '4.57.1' ],
25 silly audit   '@rollup/rollup-win32-x64-gnu': [ '4.57.1' ],
25 silly audit   '@rollup/rollup-win32-x64-msvc': [ '4.57.1' ],
25 silly audit   '@types/babel__core': [ '7.20.5' ],
25 silly audit   '@types/babel__generator': [ '7.27.0' ],
25 silly audit   '@types/babel__template': [ '7.4.4' ],
25 silly audit   '@types/babel__traverse': [ '7.28.0' ],
25 silly audit   '@types/estree': [ '1.0.8' ],
25 silly audit   '@types/node': [ '25.2.1' ],
25 silly audit   '@vitejs/plugin-react': [ '4.7.0' ],
25 silly audit   'ansi-regex': [ '5.0.1' ],
25 silly audit   'ansi-styles': [ '4.3.0' ],
25 silly audit   'any-promise': [ '1.3.0' ],
25 silly audit   anymatch: [ '3.1.3' ],
25 silly audit   picomatch: [ '2.3.1', '4.0.3' ],
25 silly audit   arg: [ '5.0.2' ],
25 silly audit   asynckit: [ '0.4.0' ],
25 silly audit   autoprefixer: [ '10.4.24' ],
25 silly audit   axios: [ '1.13.5' ],
25 silly audit   'baseline-browser-mapping': [ '2.9.19' ],
25 silly audit   'binary-extensions': [ '2.3.0' ],
25 silly audit   braces: [ '3.0.3' ],
25 silly audit   browserslist: [ '4.28.1' ],
25 silly audit   'call-bind-apply-helpers': [ '1.0.2' ],
25 silly audit   'camelcase-css': [ '2.0.1' ],
25 silly audit   'caniuse-lite': [ '1.0.30001769' ],
25 silly audit   chokidar: [ '3.6.0' ],
25 silly audit   'glob-parent': [ '5.1.2', '6.0.2' ],
25 silly audit   cliui: [ '8.0.1' ],
25 silly audit   'color-convert': [ '2.0.1' ],
25 silly audit   'color-name': [ '1.1.4' ],
25 silly audit   'combined-stream': [ '1.0.8' ],
25 silly audit   commander: [ '4.1.1' ],
25 silly audit   'convert-source-map': [ '2.0.0' ],
25 silly audit   cookie: [ '1.1.1' ],
25 silly audit   cssesc: [ '3.0.0' ],
25 silly audit   debug: [ '4.4.3' ],
25 silly audit   'delayed-stream': [ '1.0.0' ],
25 silly audit   didyoumean: [ '1.2.2' ],
25 silly audit   dlv: [ '1.1.3' ],
25 silly audit   'dunder-proto': [ '1.0.1' ],
25 silly audit   'electron-to-chromium': [ '1.5.286' ],
25 silly audit   'emoji-regex': [ '8.0.0' ],
25 silly audit   'es-define-property': [ '1.0.1' ],
25 silly audit   'es-errors': [ '1.3.0' ],
25 silly audit   'es-object-atoms': [ '1.1.1' ],
25 silly audit   'es-set-tostringtag': [ '2.1.0' ],
25 silly audit   esbuild: [ '0.25.12' ],
25 silly audit   escalade: [ '3.2.0' ],
25 silly audit   'fast-glob': [ '3.3.3' ],
25 silly audit   fastq: [ '1.20.1' ],
25 silly audit   'faye-websocket': [ '0.11.4' ],
25 silly audit   fdir: [ '6.5.0' ],
25 silly audit   'fill-range': [ '7.1.1' ],
25 silly audit   firebase: [ '11.10.0' ],
25 silly audit   'follow-redirects': [ '1.15.11' ],
25 silly audit   'form-data': [ '4.0.5' ],
25 silly audit   'fraction.js': [ '5.3.4' ],
25 silly audit   'framer-motion': [ '12.34.1' ],
25 silly audit   fsevents: [ '2.3.3' ],
25 silly audit   'function-bind': [ '1.1.2' ],
25 silly audit   gensync: [ '1.0.0-beta.2' ],
25 silly audit   'get-caller-file': [ '2.0.5' ],
25 silly audit   'get-intrinsic': [ '1.3.0' ],
25 silly audit   'get-proto': [ '1.0.1' ],
25 silly audit   gopd: [ '1.2.0' ],
25 silly audit   gsap: [ '3.15.0' ],
25 silly audit   'has-symbols': [ '1.1.0' ],
25 silly audit   'has-tostringtag': [ '1.0.2' ],
25 silly audit   hasown: [ '2.0.2' ],
25 silly audit   'http-parser-js': [ '0.5.10' ],
25 silly audit   idb: [ '7.1.1' ],
25 silly audit   'is-binary-path': [ '2.1.0' ],
25 silly audit   'is-core-module': [ '2.16.1' ],
25 silly audit   'is-extglob': [ '2.1.1' ],
25 silly audit   'is-fullwidth-code-point': [ '3.0.0' ],
25 silly audit   'is-glob': [ '4.0.3' ],
25 silly audit   'is-number': [ '7.0.0' ],
25 silly audit   jiti: [ '1.21.7' ],
25 silly audit   'js-tokens': [ '4.0.0' ],
25 silly audit   jsesc: [ '3.1.0' ],
25 silly audit   json5: [ '2.2.3' ],
25 silly audit   lilconfig: [ '3.1.3' ],
25 silly audit   'lines-and-columns': [ '1.2.4' ],
25 silly audit   'lodash.camelcase': [ '4.3.0' ],
25 silly audit   long: [ '5.3.2' ],
25 silly audit   'loose-envify': [ '1.4.0' ],
25 silly audit   'lru-cache': [ '5.1.1' ],
25 silly audit   'math-intrinsics': [ '1.1.0' ],
25 silly audit   merge2: [ '1.4.1' ],
25 silly audit   micromatch: [ '4.0.8' ],
25 silly audit   'mime-db': [ '1.52.0' ],
25 silly audit   'mime-types': [ '2.1.35' ],
25 silly audit   'motion-dom': [ '12.34.1' ],
25 silly audit   'motion-utils': [ '12.29.2' ],
25 silly audit   ms: [ '2.1.3' ],
25 silly audit   mz: [ '2.7.0' ],
25 silly audit   nanoid: [ '3.3.11' ],
25 silly audit   'node-releases': [ '2.0.27' ],
25 silly audit   'normalize-path': [ '3.0.0' ],
25 silly audit   'object-assign': [ '4.1.1' ],
25 silly audit   'object-hash': [ '3.0.0' ],
25 silly audit   'path-parse': [ '1.0.7' ],
25 silly audit   picocolors: [ '1.1.1' ],
25 silly audit   pify: [ '2.3.0' ],
25 silly audit   pirates: [ '4.0.7' ],
25 silly audit   postcss: [ '8.5.6' ],
25 silly audit   'postcss-import': [ '15.1.0' ],
25 silly audit   'postcss-js': [ '4.1.0' ],
25 silly audit   'postcss-load-config': [ '6.0.1' ],
25 silly audit   'postcss-nested': [ '6.2.0' ],
25 silly audit   'postcss-selector-parser': [ '6.1.2' ],
25 silly audit   'postcss-value-parser': [ '4.2.0' ],
25 silly audit   protobufjs: [ '7.5.4' ],
25 silly audit   'proxy-from-env': [ '1.1.0' ],
25 silly audit   'queue-microtask': [ '1.2.3' ],
25 silly audit   react: [ '18.3.1' ],
25 silly audit   'react-dom': [ '18.3.1' ],
25 silly audit   'react-refresh': [ '0.17.0' ],
25 silly audit   'react-router': [ '7.13.0' ],
25 silly audit   'react-router-dom': [ '7.13.0' ],
25 silly audit   'read-cache': [ '1.0.0' ],
25 silly audit   readdirp: [ '3.6.0' ],
25 silly audit   'require-directory': [ '2.1.1' ],
25 silly audit   resolve: [ '1.22.11' ],
25 silly audit   reusify: [ '1.1.0' ],
25 silly audit   rollup: [ '4.57.1' ],
25 silly audit   'run-parallel': [ '1.2.0' ],
25 silly audit   'safe-buffer': [ '5.2.1' ],
25 silly audit   scheduler: [ '0.23.2' ],
25 silly audit   semver: [ '6.3.1' ],
25 silly audit   'set-cookie-parser': [ '2.7.2' ],
25 silly audit   'source-map-js': [ '1.2.1' ],
25 silly audit   'string-width': [ '4.2.3' ],
25 silly audit   'strip-ansi': [ '6.0.1' ],
25 silly audit   sucrase: [ '3.35.1' ],
25 silly audit   'supports-preserve-symlinks-flag': [ '1.0.0' ],
25 silly audit   tailwindcss: [ '3.4.19' ],
25 silly audit   thenify: [ '3.3.1' ],
25 silly audit   'thenify-all': [ '1.6.0' ],
25 silly audit   three: [ '0.184.0' ],
25 silly audit   tinyglobby: [ '0.2.15' ],
25 silly audit   'to-regex-range': [ '5.0.1' ],
25 silly audit   'ts-interface-checker': [ '0.1.13' ],
25 silly audit   tslib: [ '2.8.1' ],
25 silly audit   'undici-types': [ '7.16.0' ],
25 silly audit   'update-browserslist-db': [ '1.2.3' ],
25 silly audit   'util-deprecate': [ '1.0.2' ],
25 silly audit   vite: [ '6.4.1' ],
25 silly audit   'web-vitals': [ '4.2.4' ],
25 silly audit   'websocket-driver': [ '0.7.4' ],
25 silly audit   'websocket-extensions': [ '0.1.4' ],
25 silly audit   'wrap-ansi': [ '7.0.0' ],
25 silly audit   y18n: [ '5.0.8' ],
25 silly audit   yallist: [ '3.1.1' ],
25 silly audit   yargs: [ '17.7.2' ],
25 silly audit   'yargs-parser': [ '21.1.1' ],
25 silly audit   postprocessing: [ '6.39.1' ]
25 silly audit }
26 verbose reify failed optional dependency D:\StudyMate Cursor Frontend\frontend\node_modules\fsevents
27 silly reify mark deleted [ 'D:\\StudyMate Cursor Frontend\\frontend\\node_modules\\fsevents' ]
28 verbose reify failed optional dependency D:\StudyMate Cursor Frontend\frontend\node_modules\@rollup\rollup-win32-ia32-msvc
29 silly reify mark deleted [
29 silly reify   'D:\\StudyMate Cursor Frontend\\frontend\\node_modules\\@rollup\\rollup-win32-ia32-msvc'
29 silly reify ]
30 verbose reify failed optional dependency D:\StudyMate Cursor Frontend\frontend\node_modules\@rollup\rollup-win32-arm64-msvc
31 silly reify mark deleted [
31 silly reify   'D:\\StudyMate Cursor Frontend\\frontend\\node_modules\\@rollup\\rollup-win32-arm64-msvc'
31 silly reify ]
32 verbose reify failed optional dependency D:\StudyMate Cursor Frontend\frontend\node_modules\@rollup\rollup-openharmony-arm64
33 silly reify mark deleted [
33 silly reify   'D:\\StudyMate Cursor Frontend\\frontend\\node_modules\\@rollup\\rollup-openharmony-arm64'
33 silly reify ]
34 verbose reify failed optional dependency D:\StudyMate Cursor Frontend\frontend\node_modules\@rollup\rollup-openbsd-x64
35 silly reify mark deleted [
35 silly reify   'D:\\StudyMate Cursor Frontend\\frontend\\node_modules\\@rollup\\rollup-openbsd-x64'
35 silly reify ]
36 verbose reify failed optional dependency D:\StudyMate Cursor Frontend\frontend\node_modules\@rollup\rollup-linux-x64-musl
37 silly reify mark deleted [
37 silly reify   'D:\\StudyMate Cursor Frontend\\frontend\\node_modules\\@rollup\\rollup-linux-x64-musl'
37 silly reify ]
38 verbose reify failed optional dependency D:\StudyMate Cursor Frontend\frontend\node_modules\@rollup\rollup-linux-x64-gnu
39 silly reify mark deleted [
39 silly reify   'D:\\StudyMate Cursor Frontend\\frontend\\node_modules\\@rollup\\rollup-linux-x64-gnu'
39 silly reify ]
40 verbose reify failed optional dependency D:\StudyMate Cursor Frontend\frontend\node_modules\@rollup\rollup-linux-s390x-gnu
41 silly reify mark deleted [
41 silly reify   'D:\\StudyMate Cursor Frontend\\frontend\\node_modules\\@rollup\\rollup-linux-s390x-gnu'
41 silly reify ]
42 verbose reify failed optional dependency D:\StudyMate Cursor Frontend\frontend\node_modules\@rollup\rollup-linux-riscv64-musl
43 silly reify mark deleted [
43 silly reify   'D:\\StudyMate Cursor Frontend\\frontend\\node_modules\\@rollup\\rollup-linux-riscv64-musl'
43 silly reify ]
44 verbose reify failed optional dependency D:\StudyMate Cursor Frontend\frontend\node_modules\@rollup\rollup-linux-riscv64-gnu
45 silly reify mark deleted [
45 silly reify   'D:\\StudyMate Cursor Frontend\\frontend\\node_modules\\@rollup\\rollup-linux-riscv64-gnu'
45 silly reify ]
46 verbose reify failed optional dependency D:\StudyMate Cursor Frontend\frontend\node_modules\@rollup\rollup-linux-ppc64-musl
47 silly reify mark deleted [
47 silly reify   'D:\\StudyMate Cursor Frontend\\frontend\\node_modules\\@rollup\\rollup-linux-ppc64-musl'
47 silly reify ]
48 verbose reify failed optional dependency D:\StudyMate Cursor Frontend\frontend\node_modules\@rollup\rollup-linux-ppc64-gnu
49 silly reify mark deleted [
49 silly reify   'D:\\StudyMate Cursor Frontend\\frontend\\node_modules\\@rollup\\rollup-linux-ppc64-gnu'
49 silly reify ]
50 verbose reify failed optional dependency D:\StudyMate Cursor Frontend\frontend\node_modules\@rollup\rollup-linux-loong64-musl
51 silly reify mark deleted [
51 silly reify   'D:\\StudyMate Cursor Frontend\\frontend\\node_modules\\@rollup\\rollup-linux-loong64-musl'
51 silly reify ]
52 verbose reify failed optional dependency D:\StudyMate Cursor Frontend\frontend\node_modules\@rollup\rollup-linux-loong64-gnu
53 silly reify mark deleted [
53 silly reify   'D:\\StudyMate Cursor Frontend\\frontend\\node_modules\\@rollup\\rollup-linux-loong64-gnu'
53 silly reify ]
54 verbose reify failed optional dependency D:\StudyMate Cursor Frontend\frontend\node_modules\@rollup\rollup-linux-arm64-musl
55 silly reify mark deleted [
55 silly reify   'D:\\StudyMate Cursor Frontend\\frontend\\node_modules\\@rollup\\rollup-linux-arm64-musl'
55 silly reify ]
56 verbose reify failed optional dependency D:\StudyMate Cursor Frontend\frontend\node_modules\@rollup\rollup-linux-arm64-gnu
57 silly reify mark deleted [
57 silly reify   'D:\\StudyMate Cursor Frontend\\frontend\\node_modules\\@rollup\\rollup-linux-arm64-gnu'
57 silly reify ]
58 verbose reify failed optional dependency D:\StudyMate Cursor Frontend\frontend\node_modules\@rollup\rollup-linux-arm-musleabihf
59 silly reify mark deleted [
59 silly reify   'D:\\StudyMate Cursor Frontend\\frontend\\node_modules\\@rollup\\rollup-linux-arm-musleabihf'
59 silly reify ]
60 verbose reify failed optional dependency D:\StudyMate Cursor Frontend\frontend\node_modules\@rollup\rollup-linux-arm-gnueabihf
61 silly reify mark deleted [
61 silly reify   'D:\\StudyMate Cursor Frontend\\frontend\\node_modules\\@rollup\\rollup-linux-arm-gnueabihf'
61 silly reify ]
62 verbose reify failed optional dependency D:\StudyMate Cursor Frontend\frontend\node_modules\@rollup\rollup-freebsd-x64
63 silly reify mark deleted [
63 silly reify   'D:\\StudyMate Cursor Frontend\\frontend\\node_modules\\@rollup\\rollup-freebsd-x64'
63 silly reify ]
64 verbose reify failed optional dependency D:\StudyMate Cursor Frontend\frontend\node_modules\@rollup\rollup-freebsd-arm64
65 silly reify mark deleted [
65 silly reify   'D:\\StudyMate Cursor Frontend\\frontend\\node_modules\\@rollup\\rollup-freebsd-arm64'
65 silly reify ]
66 verbose reify failed optional dependency D:\StudyMate Cursor Frontend\frontend\node_modules\@rollup\rollup-darwin-x64
67 silly reify mark deleted [
67 silly reify   'D:\\StudyMate Cursor Frontend\\frontend\\node_modules\\@rollup\\rollup-darwin-x64'
67 silly reify ]
68 verbose reify failed optional dependency D:\StudyMate Cursor Frontend\frontend\node_modules\@rollup\rollup-darwin-arm64
69 silly reify mark deleted [
69 silly reify   'D:\\StudyMate Cursor Frontend\\frontend\\node_modules\\@rollup\\rollup-darwin-arm64'
69 silly reify ]
70 verbose reify failed optional dependency D:\StudyMate Cursor Frontend\frontend\node_modules\@rollup\rollup-android-arm64
71 silly reify mark deleted [
71 silly reify   'D:\\StudyMate Cursor Frontend\\frontend\\node_modules\\@rollup\\rollup-android-arm64'
71 silly reify ]
72 verbose reify failed optional dependency D:\StudyMate Cursor Frontend\frontend\node_modules\@rollup\rollup-android-arm-eabi
73 silly reify mark deleted [
73 silly reify   'D:\\StudyMate Cursor Frontend\\frontend\\node_modules\\@rollup\\rollup-android-arm-eabi'
73 silly reify ]
74 verbose reify failed optional dependency D:\StudyMate Cursor Frontend\frontend\node_modules\@esbuild\win32-ia32
75 silly reify mark deleted [
75 silly reify   'D:\\StudyMate Cursor Frontend\\frontend\\node_modules\\@esbuild\\win32-ia32'
75 silly reify ]
76 verbose reify failed optional dependency D:\StudyMate Cursor Frontend\frontend\node_modules\@esbuild\win32-arm64
77 silly reify mark deleted [
77 silly reify   'D:\\StudyMate Cursor Frontend\\frontend\\node_modules\\@esbuild\\win32-arm64'
77 silly reify ]
78 verbose reify failed optional dependency D:\StudyMate Cursor Frontend\frontend\node_modules\@esbuild\sunos-x64
79 silly reify mark deleted [
79 silly reify   'D:\\StudyMate Cursor Frontend\\frontend\\node_modules\\@esbuild\\sunos-x64'
79 silly reify ]
80 verbose reify failed optional dependency D:\StudyMate Cursor Frontend\frontend\node_modules\@esbuild\openharmony-arm64
81 silly reify mark deleted [
81 silly reify   'D:\\StudyMate Cursor Frontend\\frontend\\node_modules\\@esbuild\\openharmony-arm64'
81 silly reify ]
82 verbose reify failed optional dependency D:\StudyMate Cursor Frontend\frontend\node_modules\@esbuild\openbsd-x64
83 silly reify mark deleted [
83 silly reify   'D:\\StudyMate Cursor Frontend\\frontend\\node_modules\\@esbuild\\openbsd-x64'
83 silly reify ]
84 verbose reify failed optional dependency D:\StudyMate Cursor Frontend\frontend\node_modules\@esbuild\openbsd-arm64
85 silly reify mark deleted [
85 silly reify   'D:\\StudyMate Cursor Frontend\\frontend\\node_modules\\@esbuild\\openbsd-arm64'
85 silly reify ]
86 verbose reify failed optional dependency D:\StudyMate Cursor Frontend\frontend\node_modules\@esbuild\netbsd-x64
87 silly reify mark deleted [
87 silly reify   'D:\\StudyMate Cursor Frontend\\frontend\\node_modules\\@esbuild\\netbsd-x64'
87 silly reify ]
88 verbose reify failed optional dependency D:\StudyMate Cursor Frontend\frontend\node_modules\@esbuild\netbsd-arm64
89 silly reify mark deleted [
89 silly reify   'D:\\StudyMate Cursor Frontend\\frontend\\node_modules\\@esbuild\\netbsd-arm64'
89 silly reify ]
90 verbose reify failed optional dependency D:\StudyMate Cursor Frontend\frontend\node_modules\@esbuild\linux-x64
91 silly reify mark deleted [
91 silly reify   'D:\\StudyMate Cursor Frontend\\frontend\\node_modules\\@esbuild\\linux-x64'
91 silly reify ]
92 verbose reify failed optional dependency D:\StudyMate Cursor Frontend\frontend\node_modules\@esbuild\linux-s390x
93 silly reify mark deleted [
93 silly reify   'D:\\StudyMate Cursor Frontend\\frontend\\node_modules\\@esbuild\\linux-s390x'
93 silly reify ]
94 verbose reify failed optional dependency D:\StudyMate Cursor Frontend\frontend\node_modules\@esbuild\linux-riscv64
95 silly reify mark deleted [
95 silly reify   'D:\\StudyMate Cursor Frontend\\frontend\\node_modules\\@esbuild\\linux-riscv64'
95 silly reify ]
96 verbose reify failed optional dependency D:\StudyMate Cursor Frontend\frontend\node_modules\@esbuild\linux-ppc64
97 silly reify mark deleted [
97 silly reify   'D:\\StudyMate Cursor Frontend\\frontend\\node_modules\\@esbuild\\linux-ppc64'
97 silly reify ]
98 verbose reify failed optional dependency D:\StudyMate Cursor Frontend\frontend\node_modules\@esbuild\linux-mips64el
99 silly reify mark deleted [
99 silly reify   'D:\\StudyMate Cursor Frontend\\frontend\\node_modules\\@esbuild\\linux-mips64el'
99 silly reify ]
100 verbose reify failed optional dependency D:\StudyMate Cursor Frontend\frontend\node_modules\@esbuild\linux-loong64
101 silly reify mark deleted [
101 silly reify   'D:\\StudyMate Cursor Frontend\\frontend\\node_modules\\@esbuild\\linux-loong64'
101 silly reify ]
102 verbose reify failed optional dependency D:\StudyMate Cursor Frontend\frontend\node_modules\@esbuild\linux-ia32
103 silly reify mark deleted [
103 silly reify   'D:\\StudyMate Cursor Frontend\\frontend\\node_modules\\@esbuild\\linux-ia32'
103 silly reify ]
104 verbose reify failed optional dependency D:\StudyMate Cursor Frontend\frontend\node_modules\@esbuild\linux-arm64
105 silly reify mark deleted [
105 silly reify   'D:\\StudyMate Cursor Frontend\\frontend\\node_modules\\@esbuild\\linux-arm64'
105 silly reify ]
106 verbose reify failed optional dependency D:\StudyMate Cursor Frontend\frontend\node_modules\@esbuild\linux-arm
107 silly reify mark deleted [
107 silly reify   'D:\\StudyMate Cursor Frontend\\frontend\\node_modules\\@esbuild\\linux-arm'
107 silly reify ]
108 verbose reify failed optional dependency D:\StudyMate Cursor Frontend\frontend\node_modules\@esbuild\freebsd-x64
109 silly reify mark deleted [
109 silly reify   'D:\\StudyMate Cursor Frontend\\frontend\\node_modules\\@esbuild\\freebsd-x64'
109 silly reify ]
110 verbose reify failed optional dependency D:\StudyMate Cursor Frontend\frontend\node_modules\@esbuild\freebsd-arm64
111 silly reify mark deleted [
111 silly reify   'D:\\StudyMate Cursor Frontend\\frontend\\node_modules\\@esbuild\\freebsd-arm64'
111 silly reify ]
112 verbose reify failed optional dependency D:\StudyMate Cursor Frontend\frontend\node_modules\@esbuild\darwin-x64
113 silly reify mark deleted [
113 silly reify   'D:\\StudyMate Cursor Frontend\\frontend\\node_modules\\@esbuild\\darwin-x64'
113 silly reify ]
114 verbose reify failed optional dependency D:\StudyMate Cursor Frontend\frontend\node_modules\@esbuild\darwin-arm64
115 silly reify mark deleted [
115 silly reify   'D:\\StudyMate Cursor Frontend\\frontend\\node_modules\\@esbuild\\darwin-arm64'
115 silly reify ]
116 verbose reify failed optional dependency D:\StudyMate Cursor Frontend\frontend\node_modules\@esbuild\android-x64
117 silly reify mark deleted [
117 silly reify   'D:\\StudyMate Cursor Frontend\\frontend\\node_modules\\@esbuild\\android-x64'
117 silly reify ]
118 verbose reify failed optional dependency D:\StudyMate Cursor Frontend\frontend\node_modules\@esbuild\android-arm64
119 silly reify mark deleted [
119 silly reify   'D:\\StudyMate Cursor Frontend\\frontend\\node_modules\\@esbuild\\android-arm64'
119 silly reify ]
120 verbose reify failed optional dependency D:\StudyMate Cursor Frontend\frontend\node_modules\@esbuild\android-arm
121 silly reify mark deleted [
121 silly reify   'D:\\StudyMate Cursor Frontend\\frontend\\node_modules\\@esbuild\\android-arm'
121 silly reify ]
122 verbose reify failed optional dependency D:\StudyMate Cursor Frontend\frontend\node_modules\@esbuild\aix-ppc64
123 silly reify mark deleted [
123 silly reify   'D:\\StudyMate Cursor Frontend\\frontend\\node_modules\\@esbuild\\aix-ppc64'
123 silly reify ]
124 http cache postprocessing@https://registry.npmjs.org/postprocessing/-/postprocessing-6.39.1.tgz 1ms (cache hit)
125 silly tarball no local data for postprocessing@https://registry.npmjs.org/postprocessing/-/postprocessing-6.39.1.tgz. Extracting by manifest.
126 http fetch POST 200 https://registry.npmjs.org/-/npm/v1/security/advisories/bulk 337ms
127 silly audit report {
127 silly audit report   picomatch: [
127 silly audit report     {
127 silly audit report       id: 1115549,
127 silly audit report       url: 'https://github.com/advisories/GHSA-3v7f-55p6-f55p',
127 silly audit report       title: 'Picomatch: Method Injection in POSIX Character Classes causes incorrect Glob Matching',
127 silly audit report       severity: 'moderate',
127 silly audit report       vulnerable_versions: '<2.3.2',
127 silly audit report       cwe: [Array],
127 silly audit report       cvss: [Object]
127 silly audit report     },
127 silly audit report     {
127 silly audit report       id: 1115551,
127 silly audit report       url: 'https://github.com/advisories/GHSA-3v7f-55p6-f55p',
127 silly audit report       title: 'Picomatch: Method Injection in POSIX Character Classes causes incorrect Glob Matching',
127 silly audit report       severity: 'moderate',
127 silly audit report       vulnerable_versions: '>=4.0.0 <4.0.4',
127 silly audit report       cwe: [Array],
127 silly audit report       cvss: [Object]
127 silly audit report     },
127 silly audit report     {
127 silly audit report       id: 1115552,
127 silly audit report       url: 'https://github.com/advisories/GHSA-c2c7-rcm5-vvqj',
127 silly audit report       title: 'Picomatch has a ReDoS vulnerability via extglob quantifiers',
127 silly audit report       severity: 'high',
127 silly audit report       vulnerable_versions: '<2.3.2',
127 silly audit report       cwe: [Array],
127 silly audit report       cvss: [Object]
127 silly audit report     },
127 silly audit report     {
127 silly audit report       id: 1115554,
127 silly audit report       url: 'https://github.com/advisories/GHSA-c2c7-rcm5-vvqj',
127 silly audit report       title: 'Picomatch has a ReDoS vulnerability via extglob quantifiers',
127 silly audit report       severity: 'high',
127 silly audit report       vulnerable_versions: '>=4.0.0 <4.0.4',
127 silly audit report       cwe: [Array],
127 silly audit report       cvss: [Object]
127 silly audit report     }
127 silly audit report   ],
127 silly audit report   axios: [
127 silly audit report     {
127 silly audit report       id: 1116673,
127 silly audit report       url: 'https://github.com/advisories/GHSA-3p68-rc4w-qgx5',
127 silly audit report       title: 'Axios has a NO_PROXY Hostname Normalization Bypass that Leads to SSRF',
127 silly audit report       severity: 'moderate',
127 silly audit report       vulnerable_versions: '>=1.0.0 <1.15.0',
127 silly audit report       cwe: [Array],
127 silly audit report       cvss: [Object]
127 silly audit report     },
127 silly audit report     {
127 silly audit report       id: 1116675,
127 silly audit report       url: 'https://github.com/advisories/GHSA-fvcv-3m26-pcqx',
127 silly audit report       title: 'Axios has Unrestricted Cloud Metadata Exfiltration via Header Injection Chain',
127 silly audit report       severity: 'moderate',
127 silly audit report       vulnerable_versions: '>=1.0.0 <1.15.0',
127 silly audit report       cwe: [Array],
127 silly audit report       cvss: [Object]
127 silly audit report     }
127 silly audit report   ],
127 silly audit report   'follow-redirects': [
127 silly audit report     {
127 silly audit report       id: 1116560,
127 silly audit report       url: 'https://github.com/advisories/GHSA-r4q5-vmmm-2653',
127 silly audit report       title: 'follow-redirects leaks Custom Authentication Headers to Cross-Domain Redirect Targets',
127 silly audit report       severity: 'moderate',
127 silly audit report       vulnerable_versions: '<=1.15.11',
127 silly audit report       cwe: [Array],
127 silly audit report       cvss: [Object]
127 silly audit report     }
127 silly audit report   ],
127 silly audit report   postcss: [
127 silly audit report     {
127 silly audit report       id: 1117015,
127 silly audit report       url: 'https://github.com/advisories/GHSA-qx2v-qp2m-jg93',
127 silly audit report       title: 'PostCSS has XSS via Unescaped </style> in its CSS Stringify Output',
127 silly audit report       severity: 'moderate',
127 silly audit report       vulnerable_versions: '<8.5.10',
127 silly audit report       cwe: [Array],
127 silly audit report       cvss: [Object]
127 silly audit report     }
127 silly audit report   ],
127 silly audit report   protobufjs: [
127 silly audit report     {
127 silly audit report       id: 1117042,
127 silly audit report       url: 'https://github.com/advisories/GHSA-xq3m-2v4x-88gg',
127 silly audit report       title: 'Arbitrary code execution in protobufjs',
127 silly audit report       severity: 'critical',
127 silly audit report       vulnerable_versions: '<7.5.5',
127 silly audit report       cwe: [Array],
127 silly audit report       cvss: [Object]
127 silly audit report     }
127 silly audit report   ],
127 silly audit report   rollup: [
127 silly audit report     {
127 silly audit report       id: 1113515,
127 silly audit report       url: 'https://github.com/advisories/GHSA-mw96-cpmx-2vgc',
127 silly audit report       title: 'Rollup 4 has Arbitrary File Write via Path Traversal',
127 silly audit report       severity: 'high',
127 silly audit report       vulnerable_versions: '>=4.0.0 <4.59.0',
127 silly audit report       cwe: [Array],
127 silly audit report       cvss: [Object]
127 silly audit report     }
127 silly audit report   ],
127 silly audit report   vite: [
127 silly audit report     {
127 silly audit report       id: 1116229,
127 silly audit report       url: 'https://github.com/advisories/GHSA-4w7w-66w2-5vf9',
127 silly audit report       title: 'Vite Vulnerable to Path Traversal in Optimized Deps `.map` Handling',
127 silly audit report       severity: 'moderate',
127 silly audit report       vulnerable_versions: '<=6.4.1',
127 silly audit report       cwe: [Array],
127 silly audit report       cvss: [Object]
127 silly audit report     },
127 silly audit report     {
127 silly audit report       id: 1116234,
127 silly audit report       url: 'https://github.com/advisories/GHSA-p9ff-h696-f583',
127 silly audit report       title: 'Vite Vulnerable to Arbitrary File Read via Vite Dev Server WebSocket',
127 silly audit report       severity: 'high',
127 silly audit report       vulnerable_versions: '>=6.0.0 <=6.4.1',
127 silly audit report       cwe: [Array],
127 silly audit report       cvss: [Object]
127 silly audit report     }
127 silly audit report   ]
127 silly audit report }
128 silly packumentCache corgi:https://registry.npmjs.org/picomatch cache-miss
129 silly packumentCache corgi:https://registry.npmjs.org/axios cache-miss
130 silly packumentCache corgi:https://registry.npmjs.org/follow-redirects cache-miss
131 silly packumentCache corgi:https://registry.npmjs.org/postcss cache-miss
132 silly packumentCache corgi:https://registry.npmjs.org/protobufjs cache-miss
133 silly packumentCache corgi:https://registry.npmjs.org/rollup cache-miss
134 silly packumentCache corgi:https://registry.npmjs.org/vite cache-miss
135 http fetch GET 200 https://registry.npmjs.org/picomatch 311ms (cache miss)
136 silly packumentCache corgi:https://registry.npmjs.org/picomatch set size:undefined disposed:false
137 http fetch GET 200 https://registry.npmjs.org/axios 673ms (cache miss)
138 silly packumentCache corgi:https://registry.npmjs.org/axios set size:undefined disposed:false
139 http fetch GET 200 https://registry.npmjs.org/follow-redirects 762ms (cache miss)
140 silly packumentCache corgi:https://registry.npmjs.org/follow-redirects set size:undefined disposed:false
141 http fetch GET 200 https://registry.npmjs.org/protobufjs 878ms (cache miss)
142 silly packumentCache corgi:https://registry.npmjs.org/protobufjs set size:undefined disposed:false
143 http fetch GET 200 https://registry.npmjs.org/postcss 895ms (cache miss)
144 silly packumentCache corgi:https://registry.npmjs.org/postcss set size:undefined disposed:false
145 http fetch GET 200 https://registry.npmjs.org/postprocessing/-/postprocessing-6.39.1.tgz 1224ms (cache miss)
146 http fetch GET 200 https://registry.npmjs.org/vite 1728ms (cache miss)
147 silly packumentCache corgi:https://registry.npmjs.org/vite set size:undefined disposed:false
148 http fetch GET 200 https://registry.npmjs.org/rollup 1924ms (cache miss)
149 silly packumentCache corgi:https://registry.npmjs.org/rollup set size:undefined disposed:false
150 silly packumentCache corgi:https://registry.npmjs.org/anymatch cache-miss
151 silly packumentCache corgi:https://registry.npmjs.org/micromatch cache-miss
152 silly packumentCache corgi:https://registry.npmjs.org/readdirp cache-miss
153 http fetch GET 200 https://registry.npmjs.org/anymatch 142ms (cache miss)
154 silly packumentCache corgi:https://registry.npmjs.org/anymatch set size:undefined disposed:false
155 http fetch GET 200 https://registry.npmjs.org/micromatch 142ms (cache miss)
156 silly packumentCache corgi:https://registry.npmjs.org/micromatch set size:undefined disposed:false
157 http fetch GET 200 https://registry.npmjs.org/readdirp 146ms (cache miss)
158 silly packumentCache corgi:https://registry.npmjs.org/readdirp set size:undefined disposed:false
159 silly packumentCache corgi:https://registry.npmjs.org/fdir cache-miss
160 silly packumentCache corgi:https://registry.npmjs.org/tinyglobby cache-miss
161 http fetch GET 200 https://registry.npmjs.org/fdir 170ms (cache miss)
162 silly packumentCache corgi:https://registry.npmjs.org/fdir set size:undefined disposed:false
163 http fetch GET 200 https://registry.npmjs.org/tinyglobby 174ms (cache miss)
164 silly packumentCache corgi:https://registry.npmjs.org/tinyglobby set size:undefined disposed:false
165 silly packumentCache corgi:https://registry.npmjs.org/autoprefixer cache-miss
166 silly packumentCache corgi:https://registry.npmjs.org/postcss-import cache-miss
167 silly packumentCache corgi:https://registry.npmjs.org/postcss-js cache-miss
168 silly packumentCache corgi:https://registry.npmjs.org/postcss-load-config cache-miss
169 silly packumentCache corgi:https://registry.npmjs.org/postcss-nested cache-miss
170 silly packumentCache corgi:https://registry.npmjs.org/tailwindcss cache-miss
171 http fetch GET 200 https://registry.npmjs.org/postcss-js 689ms (cache miss)
172 silly packumentCache corgi:https://registry.npmjs.org/postcss-js set size:undefined disposed:false
173 http fetch GET 200 https://registry.npmjs.org/postcss-import 797ms (cache miss)
174 silly packumentCache corgi:https://registry.npmjs.org/postcss-import set size:undefined disposed:false
175 http fetch GET 200 https://registry.npmjs.org/postcss-nested 827ms (cache miss)
176 silly packumentCache corgi:https://registry.npmjs.org/postcss-nested set size:undefined disposed:false
177 http fetch GET 200 https://registry.npmjs.org/postcss-load-config 909ms (cache miss)
178 silly packumentCache corgi:https://registry.npmjs.org/postcss-load-config set size:undefined disposed:false
179 http fetch GET 200 https://registry.npmjs.org/autoprefixer 951ms (cache miss)
180 silly packumentCache corgi:https://registry.npmjs.org/autoprefixer set size:undefined disposed:false
181 http fetch GET 200 https://registry.npmjs.org/tailwindcss 1507ms (cache miss)
182 silly packumentCache corgi:https://registry.npmjs.org/tailwindcss set size:undefined disposed:false
183 silly packumentCache corgi:https://registry.npmjs.org/@grpc%2fproto-loader cache-miss
184 http fetch GET 200 https://registry.npmjs.org/@grpc%2fproto-loader 134ms (cache miss)
185 silly packumentCache corgi:https://registry.npmjs.org/@grpc%2fproto-loader set size:undefined disposed:false
186 silly packumentCache corgi:https://registry.npmjs.org/@vitejs%2fplugin-react cache-miss
187 http fetch GET 200 https://registry.npmjs.org/@vitejs%2fplugin-react 147ms (cache miss)
188 silly packumentCache corgi:https://registry.npmjs.org/@vitejs%2fplugin-react set size:undefined disposed:false
189 silly ADD node_modules/postprocessing
190 silly ADD
191 silly ADD
192 silly ADD
193 silly ADD
194 silly ADD
195 silly ADD
196 silly ADD
197 silly ADD
198 silly ADD
199 silly ADD
200 silly ADD
201 silly ADD
202 silly ADD
203 silly ADD
204 silly ADD
205 silly ADD
206 silly ADD
207 silly ADD
208 silly ADD
209 silly ADD
210 silly ADD
211 silly ADD
212 silly ADD
213 silly ADD
214 silly ADD
215 silly ADD
216 silly ADD
217 silly ADD
218 silly ADD
219 silly ADD
220 silly ADD
221 silly ADD
222 silly ADD
223 silly ADD
224 silly ADD
225 silly ADD
226 silly ADD
227 silly ADD
228 silly ADD
229 silly ADD
230 silly ADD
231 silly ADD
232 silly ADD
233 silly ADD
234 silly ADD
235 silly ADD
236 silly ADD
237 silly ADD
238 silly ADD
239 verbose cwd D:\StudyMate Cursor Frontend\frontend
240 verbose os Windows_NT 10.0.26200
241 verbose node v22.14.0
242 verbose npm  v10.9.2
243 notice
243 notice New major version of npm available! 10.9.2 -> 11.13.0
243 notice Changelog: https://github.com/npm/cli/releases/tag/v11.13.0
243 notice To update run: npm install -g npm@11.13.0
243 notice  { force: true, [Symbol(proc-log.meta)]: true }
244 verbose exit 0
245 info ok
